Admin@DESKTOP-G8QJM96 MINGW64 ~
$ cd Documents

Admin@DESKTOP-G8QJM96 MINGW64 ~/Documents
$ cd first-dir

Admin@DESKTOP-G8QJM96 MINGW64 ~/Documents/first-dir (master)
$ tree
.
|-- Psets
|   |-- Find the location of a substring (.find,.rfind,.index,.rindex).py
|   |-- Pset 4.py
|   |-- Pset-3.py
|   |-- Python practise.py
|   |-- Readme.md
|   |-- demo.txt
|   `-- strings_psets
|       `-- Pset-4.md
|-- Readme.md
|-- data.csv
|-- desktop.ini
|-- hello-world.py
|-- pyhton 26-12-2022 class notes.txt
`-- python-files
    `-- world.py

3 directories, 13 files

Admin@DESKTOP-G8QJM96 MINGW64 ~/Documents/first-dir (master)
$ cd Psets

Admin@DESKTOP-G8QJM96 MINGW64 ~/Documents/first-dir/Psets (master)
$ ls -A
'Find the location of a substring (.find,.rfind,.index,.rindex).py'
'Pset 4.py'
 Pset-3.py
'Python practise.py'
 Readme.md
 demo.txt
 strings_psets/

Admin@DESKTOP-G8QJM96 MINGW64 ~/Documents/first-dir/Psets (master)
$ git status
On branch master
Your branch is up to date with 'origin/master'.

Changes not staged for commit:
  (use "git add <file>..." to update what will be committed)
  (use "git restore <file>..." to discard changes in working directory)
        modified:   Python practise.py

Untracked files:
  (use "git add <file>..." to include in what will be committed)
        Find the location of a substring (.find,.rfind,.index,.rindex).py
        Pset 4.py
        strings_psets/
        ../pyhton 26-12-2022 class notes.txt

no changes added to commit (use "git add" and/or "git commit -a")

Admin@DESKTOP-G8QJM96 MINGW64 ~/Documents/first-dir/Psets (master)
$ echo 'this is a repo containg Psets and solution for the same' >>Readme.md

Admin@DESKTOP-G8QJM96 MINGW64 ~/Documents/first-dir/Psets (master)
$ git add Readme.md
warning: in the working copy of 'Psets/Readme.md', LF will be replaced by CRLF the next time Git touches it

Admin@DESKTOP-G8QJM96 MINGW64 ~/Documents/first-dir/Psets (master)
$ git status
On branch master
Your branch is up to date with 'origin/master'.

Changes to be committed:
  (use "git restore --staged <file>..." to unstage)
        modified:   Readme.md

Changes not staged for commit:
  (use "git add <file>..." to update what will be committed)
  (use "git restore <file>..." to discard changes in working directory)
        modified:   Python practise.py

Untracked files:
  (use "git add <file>..." to include in what will be committed)
        Find the location of a substring (.find,.rfind,.index,.rindex).py
        Pset 4.py
        strings_psets/
        ../pyhton 26-12-2022 class notes.txt


Admin@DESKTOP-G8QJM96 MINGW64 ~/Documents/first-dir/Psets (master)
$ tree
.
|-- Find the location of a substring (.find,.rfind,.index,.rindex).py
|-- Pset 4.py
|-- Pset-3.py
|-- Python practise.py
`-- Readme.md

0 directories, 5 files

Admin@DESKTOP-G8QJM96 MINGW64 ~/Documents/first-dir/Psets (master)
$ git commit _m "add Readme.md"
error: pathspec '_m' did not match any file(s) known to git
error: pathspec 'add Readme.md' did not match any file(s) known to git

Admin@DESKTOP-G8QJM96 MINGW64 ~/Documents/first-dir/Psets (master)
$ mkdir strings_psets

Admin@DESKTOP-G8QJM96 MINGW64 ~/Documents/first-dir/Psets (master)
$ cd string_psets/
bash: cd: string_psets/: No such file or directory

Admin@DESKTOP-G8QJM96 MINGW64 ~/Documents/first-dir/Psets (master)
$ cd strings_psets/

Admin@DESKTOP-G8QJM96 MINGW64 ~/Documents/first-dir/Psets/strings_psets (master)
$ echo "write a python script that captures USN of a student from std. input and converts all the lowercase letters to the upper case and prints the same." >>PSET-3.md

Admin@DESKTOP-G8QJM96 MINGW64 ~/Documents/first-dir/Psets/strings_psets (master)
$ cat PSET-3.md
write a python script that captures USN of a student from std. input and converts all the lowercase letters to the upper case and prints the same.

Admin@DESKTOP-G8QJM96 MINGW64 ~/Documents/first-dir/Psets/strings_psets (master)
$ mkdir PSET3

Admin@DESKTOP-G8QJM96 MINGW64 ~/Documents/first-dir/Psets/strings_psets (master)
$ mv PSET-3.md PSET3

Admin@DESKTOP-G8QJM96 MINGW64 ~/Documents/first-dir/Psets/strings_psets (master)
$ tree
.
`-- PSET3
    `-- PSET-3.md

1 directory, 1 file

Admin@DESKTOP-G8QJM96 MINGW64 ~/Documents/first-dir/Psets/strings_psets (master)
$ cd PSET3

Admin@DESKTOP-G8QJM96 MINGW64 ~/Documents/first-dir/Psets/strings_psets/PSET3 (master)
$ mkdir solutions

Admin@DESKTOP-G8QJM96 MINGW64 ~/Documents/first-dir/Psets/strings_psets/PSET3 (master)
$ cd solutions

Admin@DESKTOP-G8QJM96 MINGW64 ~/Documents/first-dir/Psets/strings_psets/PSET3/solutions (master)
$ touch soluiton-1.py

Admin@DESKTOP-G8QJM96 MINGW64 ~/Documents/first-dir/Psets/strings_psets/PSET3/solutions (master)
$ ls
soluiton-1.py

Admin@DESKTOP-G8QJM96 MINGW64 ~/Documents/first-dir/Psets/strings_psets/PSET3/solutions (master)
$ git status
On branch master
Your branch is up to date with 'origin/master'.

Changes to be committed:
  (use "git restore --staged <file>..." to unstage)
        modified:   ../../../Readme.md

Changes not staged for commit:
  (use "git add/rm <file>..." to update what will be committed)
  (use "git restore <file>..." to discard changes in working directory)
        modified:   ../../../Python practise.py
        deleted:    ../../../demo.txt

Untracked files:
  (use "git add <file>..." to include in what will be committed)
        ../../../Find the location of a substring (.find,.rfind,.index,.rindex).py
        ../../../Pset 4.py
        ../../
        ../../../../pyhton 26-12-2022 class notes.txt


Admin@DESKTOP-G8QJM96 MINGW64 ~/Documents/first-dir/Psets/strings_psets/PSET3/solutions (master)
$ git add -A
warning: in the working copy of 'Psets/strings_psets/PSET3/PSET-3.md', LF will be replaced by CRLF the next time Git touches it

Admin@DESKTOP-G8QJM96 MINGW64 ~/Documents/first-dir/Psets/strings_psets/PSET3/solutions (master)
$ GIT STATUS
fatal: cannot handle STATUS as a builtin

Admin@DESKTOP-G8QJM96 MINGW64 ~/Documents/first-dir/Psets/strings_psets/PSET3/solutions (master)
$ git status
On branch master
Your branch is up to date with 'origin/master'.

Changes to be committed:
  (use "git restore --staged <file>..." to unstage)
        new file:   ../../../Find the location of a substring (.find,.rfind,.index,.rindex).py
        new file:   ../../../Pset 4.py
        modified:   ../../../Python practise.py
        modified:   ../../../Readme.md
        deleted:    ../../../demo.txt
        new file:   ../PSET-3.md
        new file:   soluiton-1.py
        new file:   ../../../../pyhton 26-12-2022 class notes.txt


Admin@DESKTOP-G8QJM96 MINGW64 ~/Documents/first-dir/Psets/strings_psets/PSET3/solutions (master)
$ git commit _m 'add files'
error: pathspec '_m' did not match any file(s) known to git
error: pathspec 'add files' did not match any file(s) known to git

Admin@DESKTOP-G8QJM96 MINGW64 ~/Documents/first-dir/Psets/strings_psets/PSET3/solutions (master)
$ git commit -m "add files"
[master 941bd98] add files
 8 files changed, 70 insertions(+), 1 deletion(-)
 create mode 100644 Psets/Find the location of a substring (.find,.rfind,.index,.rindex).py
 create mode 100644 Psets/Pset 4.py
 delete mode 100644 Psets/demo.txt
 create mode 100644 Psets/strings_psets/PSET3/PSET-3.md
 create mode 100644 Psets/strings_psets/PSET3/solutions/soluiton-1.py
 create mode 100644 pyhton 26-12-2022 class notes.txt

Admin@DESKTOP-G8QJM96 MINGW64 ~/Documents/first-dir/Psets/strings_psets/PSET3/solutions (master)
$ git status
On branch master
Your branch is ahead of 'origin/master' by 1 commit.
  (use "git push" to publish your local commits)

nothing to commit, working tree clean

Admin@DESKTOP-G8QJM96 MINGW64 ~/Documents/first-dir/Psets/strings_psets/PSET3/solutions (master)
$ git push -u origin master
Enumerating objects: 17, done.
Counting objects: 100% (17/17), done.
Delta compression using up to 4 threads
Compressing objects: 100% (11/11), done.
Writing objects: 100% (13/13), 1.95 KiB | 499.00 KiB/s, done.
Total 13 (delta 2), reused 0 (delta 0), pack-reused 0
remote: Resolving deltas: 100% (2/2), completed with 1 local object.
To https://github.com/AK-SLUGGER/First-repo.git
   53833a9..941bd98  master -> master
branch 'master' set up to track 'origin/master'.

Admin@DESKTOP-G8QJM96 MINGW64 ~/Documents/first-dir/Psets/strings_psets/PSET3/solutions (master)
$  git remote -v
origin  https://github.com/AK-SLUGGER/First-repo.git (fetch)
origin  https://github.com/AK-SLUGGER/First-repo.git (push)

Admin@DESKTOP-G8QJM96 MINGW64 ~/Documents/first-dir/Psets/strings_psets/PSET3/solutions (master)
$ git remote add origin https://github.com/AK-SLUGGER/psets-4653.git
error: remote origin already exists.

Admin@DESKTOP-G8QJM96 MINGW64 ~/Documents/first-dir/Psets/strings_psets/PSET3/solutions (master)
$ git push -u origin master
Everything up-to-date
branch 'master' set up to track 'origin/master'.

Admin@DESKTOP-G8QJM96 MINGW64 ~/Documents/first-dir/Psets/strings_psets/PSET3/solutions (master)
$ git branch -M main

Admin@DESKTOP-G8QJM96 MINGW64 ~/Documents/first-dir/Psets/strings_psets/PSET3/solutions (main)
$ git push -u origin main
Total 0 (delta 0), reused 0 (delta 0), pack-reused 0
remote:
remote: Create a pull request for 'main' on GitHub by visiting:
remote:      https://github.com/AK-SLUGGER/First-repo/pull/new/main
remote:
To https://github.com/AK-SLUGGER/First-repo.git
 * [new branch]      main -> main
branch 'main' set up to track 'origin/main'.

Admin@DESKTOP-G8QJM96 MINGW64 ~/Documents/first-dir/Psets/strings_psets/PSET3/solutions (main)
$ git remote add origin https://github.com/AK-SLUGGER/psets-4653.git
error: remote origin already exists.

Admin@DESKTOP-G8QJM96 MINGW64 ~/Documents/first-dir/Psets/strings_psets/PSET3/solutions (main)
$
